  Определение проектов для восстановления...
